
> apimate@0.1.0 build
> next build

Γû▓ Next.js 16.1.6 (Turbopack)
- Environments: .env.local

  Creating an optimized production build ...
Γ£ô Compiled successfully in 2.4s
  Running TypeScript ...
node.exe : Failed to compile.
At line:1 char:1
+ & "C:\Program Files\nodejs24/node.exe" 
"C:\Program Files\nodejs24/nod ...
+ ~~~~~~~~~~~~~~~~~~~~~~~~~~~~~~~~~~~~~~~
~~~~~~~~~~~~~~~~~~~~~~~~~~~~~~
    + CategoryInfo          : NotSpecifi 
   ed: (Failed to compile.:String) [],   
  RemoteException
    + FullyQualifiedErrorId : NativeComm 
   andError
 

./app/server/inner.tsx:9:35
Type error: Property 'myFunctions' does 
not exist on type '{ contracts: { 
createProject: 
FunctionReference<"mutation", "public", 
{ name: string; }, string & { 
__tableName: "projects"; }, string | 
undefined>; getProjects: 
FunctionReference<...>; ... 8 more ...; 
restoreVersion: FunctionReference<...>; 
}; public: { ...; }; ai: { ...; }; }'.

[0m [90m  7 |[39m   
preloaded[33m,[39m
 [90m  8 |[39m }[33m:[39m {
[31m[1m>[22m[39m[90m  9 |[39m   
preloaded[33m:[39m [33mPreloaded[39m
[33m<[39m[36mtypeof[39m api[33m.[39m
myFunctions[33m.[39mlistNumbers[33m>[
39m[33m;[39m
 [90m    |[39m                         
          [31m[1m^[22m[39m
 [90m 10 |[39m }) {
 [90m 11 |[39m   [36mconst[39m data 
[33m=[39m 
usePreloadedQuery(preloaded)[33m;[39m
 [90m 12 |[39m   [36mconst[39m 
addNumber [33m=[39m useMutation(api[33
m.[39mmyFunctions[33m.[39maddNumber)[
33m;[39m[0m
Next.js build worker exited with code: 1 
and signal: null
